***** External Functions *****
1    AdminAskPath                                       isrt.obl(ISRTScriptDialogs.obs)
2    AllFeaturesDeselected                              ISWI.obl(CompHelperFuncs.obs)
3    CHECK_RETURN                                       ISWI.obl(ErrHandler.obs)
4    ChangeDirectory                                    isrt.obl(Files.obs)
5    CloseFile                                          isrt.obl(Files.obs)
6    CmdGetHwndDlg                                      isrt.obl(CustomDialog.obs)
7    ComponentCompareSizeRequired                       isrt.obl(component.obs)
8    ComponentErrorInfo                                 isrt.obl(component.obs)
9    ComponentGetData                                   isrt.obl(component.obs)
10   ComponentGetTotalCost                              isrt.obl(component.obs)
11   ComponentIsItemSelected                            isrt.obl(component.obs)
12   ComponentListItems                                 isrt.obl(component.obs)
13   ComponentReinstall                                 isrt.obl(component.obs)
14   ComponentRemoveAll                                 isrt.obl(component.obs)
15   ComponentSaveTarget                                isrt.obl(component.obs)
16   ComponentSelectItem                                isrt.obl(component.obs)
17   ComponentTransferData                              isrt.obl(component.obs)
18   ComponentTreeInit                                  isrt.obl(Dialogs.obs)
19   CreateDir                                          isrt.obl(Files.obs)
20   CreateFile                                         isrt.obl(Files.obs)
21   CreateInstallationInfo                             isrt.obl(Registry.obs)
22   CtrlGetDlgItem                                     isrt.obl(CustomDialog.obs)
23   CtrlGetNotificationCode                            isrt.obl(CustomDialog.obs)
24   CtrlGetState                                       isrt.obl(CustomDialog.obs)
25   CtrlGetSubCommand                                  isrt.obl(CustomDialog.obs)
26   CtrlGetText                                        isrt.obl(CustomDialog.obs)
27   CtrlSelectText                                     isrt.obl(CustomDialog.obs)
28   CtrlSetList                                        isrt.obl(CustomDialog.obs)
29   CtrlSetState                                       isrt.obl(CustomDialog.obs)
30   CtrlSetText                                        isrt.obl(CustomDialog.obs)
31   DefineDialog                                       isrt.obl(CustomDialog.obs)
32   DeleteFile                                         isrt.obl(Files.obs)
33   DeleteSingleFile                                   isrt.obl(Files.obs)
34   DialogSetDefaultFont                               isrt.obl(Dialogs.obs)
35   DialogSetFont                                      isrt.obl(Dialogs.obs)
36   DialogSetInfo                                      isrt.obl(Dialogs.obs)
37   Disable                                            isrt.obl(Enable.obs)
38   DllSizeOf                                          isrt.obl(Str.obs)
39   Do                                                 isrt.obl(Misc.obs)
40   Enable                                             isrt.obl(Enable.obs)
41   EndCurrentDialog                                   isrt.obl(Dialogs.obs)
42   EndDialog                                          isrt.obl(CustomDialog.obs)
43   ExistsDir                                          isrt.obl(Files.obs)
44   EzDefineDialog                                     isrt.obl(CustomDialog.obs)
45   FeatureCompareSizeRequired                         ISWI.obl(FeatureConv.obs)
46   FeatureErrorInfo                                   ISWI.obl(ComponentConv.obs)
47   FeatureFilterLanguage                              ISWI.obl(FeatureConv.obs)
48   FeatureFilterOS                                    ISWI.obl(FeatureConv.obs)
49   FeatureGetData                                     ISWI.obl(ComponentConv.obs)
50   FeatureGetTotalCost                                ISWI.obl(FeatureConv.obs)
51   FeatureIsItemSelected                              ISWI.obl(ComponentConv.obs)
52   FeatureListItems                                   ISWI.obl(ComponentConv.obs)
53   FeatureReinstall                                   ISWI.obl(ComponentConv.obs)
54   FeatureRemoveAll                                   ISWI.obl(ComponentConv.obs)
55   FeatureSaveTarget                                  ISWI.obl(FeatureConv.obs)
56   FeatureSelectItem                                  ISWI.obl(ComponentConv.obs)
57   FeatureSetupTypeSet                                ISWI.obl(ComponentConv.obs)
58   FeatureStandardSetupTypeSet                        ISWI.obl(FeatureConv.obs)
59   FeatureTransferData                                ISWI.obl(ComponentConv.obs)
60   FeaturesInstalled                                  ISWI.obl(FileTransferFuncsConv.obs)
61   FeaturesInstalling                                 ISWI.obl(FileTransferFuncsConv.obs)
62   FillLists                                          isrt.obl(ISRTScriptDialogs.obs)
63   FindFile                                           isrt.obl(Files.obs)
64   FormatMessage                                      isrt.obl(Misc.obs)
65   GDI32.CreateRectRgn                                TestLibFunction.obs
66   GDI32.GetDeviceCaps                                TestLibFunction.obs
67   GeneratedMSIScript                                 ISWI.obl(FileTransferFuncsConv.obs)
68   GeneratingMSIScript                                ISWI.obl(FileTransferFuncsConv.obs)
69   GetBasicMSI                                        isrt.obl(SysVars.obs)
70   GetBillboard                                       isrt.obl(SysVars.obs)
71   GetCompItemList                                    ISWI.obl(CompHelperFuncs.obs)
72   GetComponentsFeatures                              ISWI.obl(CompHelperFuncs.obs)
73   GetCurrentDialogName                               isrt.obl(Dialogs.obs)
74   GetCurrentDir                                      isrt.obl(Files.obs)
75   GetDialogTitle                                     isrt.obl(Dialogs.obs)
76   GetDir                                             isrt.obl(Str.obs)
77   GetDisk                                            isrt.obl(Str.obs)
78   GetDiskSpace                                       isrt.obl(GSI.obs)
79   GetDiskSpaceEx                                     isrt.obl(GSI.obs)
80   GetEnabledIServices                                isrt.obl(SysVars.obs)
81   GetExtents                                         isrt.obl(GSI.obs)
82   GetFolderApplications                              isrt.obl(SysVars.obs)
83   GetFolderApplications64                            isrt.obl(SysVars.obs)
84   GetFolderDotNet10                                  isrt.obl(SysVars.obs)
85   GetFolderDotNet11                                  isrt.obl(SysVars.obs)
86   GetFolderDotNet20                                  isrt.obl(SysVars.obs)
87   GetISRes                                           isrt.obl(SysVars.obs)
88   GetInstallScriptMSIEEUI                            isrt.obl(SysVars.obs)
89   GetKeyPathWinCurrVerAuto                           isrt.obl(SysVars.obs)
90   GetMSIFeatureName                                  ISWI.obl(CompHelperFuncs.obs)
91   GetMaintenance                                     ISWI.obl(ISWiInit.obs)
92   GetMsiFeaturePath                                  ISWI.obl(CompHelperFuncs.obs)
93   GetMsiNameFromAliasTable                           ISWI.obl(CompHelperFuncs.obs)
94   GetOpenFileMode                                    isrt.obl(Files.obs)
95   GetPackageLocation                                 isrt.obl(SysVars.obs)
96   GetPlatformList                                    ISWI.obl(CompHelperFuncs.obs)
97   GetProductGUID                                     ISWI.obl(ISWiInit.obs)
98   GetProfString                                      isrt.obl(Profile.obs)
99   GetReinstallMode                                   isrt.obl(SysVars.obs)
100  GetRemoveAllMode                                   isrt.obl(SysVars.obs)
101  GetRemoveOnly                                      isrt.obl(SysVars.obs)
102  GetSelectedTreeComponent                           isrt.obl(CmptView.obs)
103  GetStandardSelectedLanguage                        isrt.obl(SysVars.obs)
104  GetSuiteHosted                                     isrt.obl(SysVars.obs)
105  GetSupportDir                                      isrt.obl(SysVars.obs)
106  GetSystemInfo                                      isrt.obl(GSI.obs)
107  GetTempFolder                                      isrt.obl(SysVars.obs)
108  GetUserSelectableAuto                              isrt.obl(SysVars.obs)
109  GetValidDrivesList                                 isrt.obl(GSI.obs)
110  GetWinDir                                          isrt.obl(SysVars.obs)
111  GetWinSysDir                                       isrt.obl(SysVars.obs)
112  GetWindowHandle                                    ISWI.obl(MiscConv.obs)
113  HIWORD                                             isrt.obl(Misc.obs)
114  ISDeterminePlatform                                isrt.obl(OsInfo.obs)
115  ISMIF32.InstallStatusMIF                           isrt.obl(MIF.obs)
116  ISRT.ComponentViewSetInfoEx                        isrt.obl(Dialogs.obs)
117  ISRT.EnableHourGlass                               isrt.obl(Enable.obs)
118  ISRT.GetCPUType                                    isrt.obl(GSI.obs)
119  ISRT.GetFontSub                                    isrt.obl(Dialogs.obs)
120  ISRT.GetHandle                                     TestLibFunction.obs
121  ISRT.GetPorts                                      isrt.obl(GSI.obs)
122  ISRT.IsEmpty                                       TestLibFunction.obs
123  ISRT.IsNTAdmin                                     isrt.obl(Is.obs)
124  ISRT.IsObject                                      TestLibFunction.obs
125  ISRT.IsPowerUser                                   isrt.obl(Is.obs)
126  ISRT.LangLoadString                                isrt.obl(SDINT.obs)
127  ISRT.MessageBeepP                                  TestLibFunction.obs
128  ISRT.PathGetDir                                    isrt.obl(Str.obs)
129  ISRT.PathGetDrive                                  isrt.obl(Str.obs)
130  ISRT.PathGetFile                                   isrt.obl(Files.obs)
131  ISRT.PathGetFileExt                                isrt.obl(Str.obs)
132  ISRT.PathGetFileName                               isrt.obl(Str.obs)
133  ISRT.PathGetPath                                   isrt.obl(Str.obs)
134  ISRT.PathIsValidSyntax                             isrt.obl(Is.obs)
135  ISRT.VerGetFileVersion                             TestLibFunction.obs
136  ISRT._BrowseForFolder                              isrt.obl(ISRTScriptDialogsPriv.obs)
137  ISRT._CloseFile                                    isrt.obl(Files.obs)
138  ISRT._CmdGetHwndDlg                                isrt.obl(CustomDialog.obs)
139  ISRT._ComponentCompareSizeRequired                 ISWI.obl(FeatureConv.obs)
140  ISRT._ComponentFilterLanguage                      ISWI.obl(FeatureConv.obs)
141  ISRT._ComponentFilterOS                            ISWI.obl(FeatureConv.obs)
142  ISRT._ComponentGetTotalCost                        ISWI.obl(FeatureConv.obs)
143  ISRT._ComponentGetTotalCostEx                      ISWI.obl(ComponentConv.obs)
144  ISRT._ComponentSaveTarget                          ISWI.obl(FeatureConv.obs)
145  ISRT._CreateDir                                    isrt.obl(Files.obs)
146  ISRT._CtrlGetNotificationCode                      isrt.obl(CustomDialog.obs)
147  ISRT._CtrlGetParentWindowHelper                    ISWI.obl(MiscConv.obs)
148  ISRT._CtrlGetSubCommand                            isrt.obl(CustomDialog.obs)
149  ISRT._CtrlSetHtmlContent                           isrt.obl(CustomDialog.obs)
150  ISRT._DefineDialog                                 isrt.obl(CustomDialog.obs)
151  ISRT._DialogSetFont                                isrt.obl(Dialogs.obs)
152  ISRT._DisableStatus                                isrt.obl(Enable.obs)
153  ISRT._DoSprintf                                    ISWI.obl(HelperFuncs.obs)
154  ISRT._EnableDialogCache                            isrt.obl(Enable.obs)
155  ISRT._EnablePrevDialog                             TestLibFunction.obs
156  ISRT._EnableSkins                                  isrt.obl(Enable.obs)
157  ISRT._EnableStatus                                 isrt.obl(Enable.obs)
158  ISRT._EnableWow64FsRedirection                     isrt.obl(Enable.obs)
159  ISRT._EndDialog                                    isrt.obl(CustomDialog.obs)
160  ISRT._ExistsDir                                    isrt.obl(Files.obs)
161  ISRT._ExistsFile                                   isrt.obl(Files.obs)
162  ISRT._FloatingPointOperation                       ISWI.obl(ComponentConv.obs)
163  ISRT._GetCurrentDialogName                         isrt.obl(Dialogs.obs)
164  ISRT._GetDiskSpaceEx                               isrt.obl(GSI.obs)
165  ISRT._GetDiskSpaceExEx                             ISWI.obl(ComponentConv.obs)
166  ISRT._GetGlobalMemorySize                          isrt.obl(GSI.obs)
167  ISRT._GetProcessorInfo                             isrt.obl(OsInfo.obs)
168  ISRT._GetSelectedTreeComponent                     isrt.obl(CmptView.obs)
169  ISRT._GetStandardLangId                            isrt.obl(Misc.obs)
170  ISRT._GetSupportDir                                isrt.obl(SysVars.obs)
171  ISRT._GetSystemDpi                                 isrt.obl(GSI.obs)
172  ISRT._GetVirtualMachineType                        isrt.obl(GSI.obs)
173  ISRT._IsFontTypefaceNameAvailable                  isrt.obl(Is.obs)
174  ISRT._IsInAdminGroup                               isrt.obl(Is.obs)
175  ISRT._IsLangSupported                              isrt.obl(Is.obs)
176  ISRT._IsSkinLoaded                                 isrt.obl(Is.obs)
177  ISRT._IsVirtualMachine                             isrt.obl(OsInfo.obs)
178  ISRT._IsWindowsME                                  isrt.obl(GSI.obs)
179  ISRT._IsWow64                                      isrt.obl(OsInfo.obs)
180  ISRT._ListAddItem                                  isrt.obl(scrlist.obs)
181  ISRT._ListAddString                                isrt.obl(scrlist.obs)
182  ISRT._ListCount                                    isrt.obl(scrlist.obs)
183  ISRT._ListCreate                                   isrt.obl(scrlist.obs)
184  ISRT._ListCurrentString                            isrt.obl(scrlist.obs)
185  ISRT._ListDeleteItem                               isrt.obl(scrlist.obs)
186  ISRT._ListDeleteString                             isrt.obl(scrlist.obs)
187  ISRT._ListDestroy                                  isrt.obl(scrlist.obs)
188  ISRT._ListFindItem                                 isrt.obl(scrlist.obs)
189  ISRT._ListFindString                               isrt.obl(scrlist.obs)
190  ISRT._ListGetFirstItem                             isrt.obl(scrlist.obs)
191  ISRT._ListGetFirstString                           isrt.obl(scrlist.obs)
192  ISRT._ListGetNextItem                              isrt.obl(scrlist.obs)
193  ISRT._ListGetNextString                            isrt.obl(scrlist.obs)
194  ISRT._ListGetType                                  isrt.obl(scrlist.obs)
195  ISRT._ListSetIndex                                 isrt.obl(scrlist.obs)
196  ISRT._MediaGetFilteringInfo                        ISWI.obl(FeatureConv.obs)
197  ISRT._MediaGetInfo                                 ISWI.obl(FeatureConv.obs)
198  ISRT._OpenFile                                     isrt.obl(Files.obs)
199  ISRT._Preprogram                                   TestLibFunction.obs
200  ISRT._RegCreateKey                                 isrt.obl(Registry.obs)
201  ISRT._RegEnableTextSubs                            isrt.obl(Enable.obs)
202  ISRT._RegGetOptions                                isrt.obl(SysVars.obs)
203  ISRT._RegIsRemoteRegConnected                      isrt.obl(Is.obs)
204  ISRT._RegQueryKeyBinaryValue                       isrt.obl(Registry.obs)
205  ISRT._RegQueryKeyValue                             isrt.obl(Registry.obs)
206  ISRT._RegSetOptions                                isrt.obl(SysVars.obs)
207  ISRT._ReleaseDialog                                isrt.obl(CustomDialog.obs)
208  ISRT._SdShowMsg                                    isrt.obl(ISRTScriptDialogsPriv.obs)
209  ISRT._SetAltMainImage                              isrt.obl(Dialogs.obs)
210  ISRT._SetAltMainImageEx                            isrt.obl(Dialogs.obs)
211  ISRT._SetDisplayEffect                             isrt.obl(ui.obs)
212  ISRT._SetDllDirectory                              isrt.obl(Enable.obs)
213  ISRT._SetSilentSdShowMsg                           isrt.obl(Enable.obs)
214  ISRT._SetTitle                                     isrt.obl(ui.obs)
215  ISRT._SetupTraceWrite                              isrt.obl(Misc.obs)
216  ISRT._TreeViewCreate                               isrt.obl(CmptView.obs)
217  ISRT._WaitOnDialog                                 isrt.obl(CustomDialog.obs)
218  ISRT._WriteLine                                    isrt.obl(Files.obs)
219  ISRT.__CreateObjectContext                         isrt.obl(ISRTInit.obs)
220  ISRT.__GetCmdLineOptions                           isrt.obl(ISRTInit.obs)
221  ISRT.__GetContextGUID                              isrt.obl(ISRTInit.obs)
222  ISRT.__GetEnabledIServices                         isrt.obl(SysVars.obs)
223  ISRT.__GetFileRegistrar                            isrt.obl(ISRTInit.obs)
224  ISRT.__GetISMSIStringTableObj                      ISWI.obl(ISWiInit.obs)
225  ISRT.__GetInfo                                     isrt.obl(ISRTInit.obs)
226  ISRT.__GetInstallGuid                              isrt.obl(SysVars.obs)
227  ISRT.__GetLogDB                                    isrt.obl(ISRTInit.obs)
228  ISRT.__GetMainWindow                               TestLibFunction.obs
229  ISRT.__GetMaintOption                              isrt.obl(SysVars.obs)
230  ISRT.__GetMaintenanceMode                          isrt.obl(SysVars.obs)
231  ISRT.__GetObjects                                  isrt.obl(ISRTInit.obs)
232  ISRT.__GetProductGuid                              isrt.obl(SysVars.obs)
233  ISRT.__GetProgress                                 TestLibFunction.obs
234  ISRT.__GetReboot                                   isrt.obl(ISRTInit.obs)
235  ISRT.__GetReinstallMode                            isrt.obl(SysVars.obs)
236  ISRT.__GetRemoveAllMode                            isrt.obl(SysVars.obs)
237  ISRT.__GetTextSub                                  isrt.obl(ISRTInit.obs)
238  ISRT.__GetUpdateMode                               isrt.obl(SysVars.obs)
239  ISRT.__PutEnabledIServices                         isrt.obl(Enable.obs)
240  ISRT.__ReleaseObjectContext                        isrt.obl(ISRTInit.obs)
241  ISRT.__RestoreMainLog                              isrt.obl(ISRTInit.obs)
242  ISRT.__RestoreMainLogEx                            isrt.obl(ISRTInit.obs)
243  ISRT.__SetComponentLog                             isrt.obl(ISRTInit.obs)
244  ISRT.__SetUpdateMode                               isrt.obl(SysVars.obs)
245  ISRTHandleScriptException                          isrt.obl(Misc.obs)
246  ISRTPreprogram                                     isrt.obl(Driver.obs)
247  ISWIOnAppSearch                                    ISWI.obl(DriverConv.obs)
248  ISWIOnCCPSearch                                    ISWI.obl(DriverConv.obs)
249  ISWIOnExitInstall                                  ISWI.obl(DriverConv.obs)
250  ISWIOnFirstUIAfter                                 ISWI.obl(DriverConv.obs)
251  ISWIOnFirstUIBefore                                ISWI.obl(DriverConv.obs)
252  ISWIOnInitInstall                                  ISWI.obl(DriverConv.obs)
253  ISWIOnMaintUIAfter                                 ISWI.obl(DriverConv.obs)
254  ISWIOnMaintUIBefore                                ISWI.obl(DriverConv.obs)
255  ISWIOnMoveData                                     ISWI.obl(DriverConv.obs)
256  ISWIOnMoveDataPostInstall                          ISWI.obl(DriverConv.obs)
257  ISWIOnMoveDataPreInstall                           ISWI.obl(DriverConv.obs)
258  ISWIOnResumeUIAfter                                ISWI.obl(DriverConv.obs)
259  ISWIOnResumeUIBefore                               ISWI.obl(DriverConv.obs)
260  ISWIPostprogram                                    ISWI.obl(DriverConv.obs)
261  ISWIPreprogram                                     ISWI.obl(DriverConv.obs)
262  InstallFilesActionAfter                            ISWI.obl(FileTransferFuncsConv.obs)
263  InstallFilesActionBefore                           ISWI.obl(FileTransferFuncsConv.obs)
264  Is                                                 isrt.obl(Is.obs)
265  IsComponentFiltered                                ISWI.obl(CompHelperFuncs.obs)
266  IsTestSetup                                        ISWI.obl(HelperFuncs.obs)
267  KERNEL.GetModuleHandle                             TestLibFunction.obs
268  KERNEL32.CloseHandle                               TestLibFunction.obs
269  KERNEL32.CreateFileW                               TestLibFunction.obs
270  KERNEL32.DeleteFileW                               TestLibFunction.obs
271  KERNEL32.FindClose                                 TestLibFunction.obs
272  KERNEL32.FindFirstFileW                            TestLibFunction.obs
273  KERNEL32.FindNextFileW                             TestLibFunction.obs
274  KERNEL32.FormatMessageW                            TestLibFunction.obs
275  KERNEL32.FreeLibrary                               TestLibFunction.obs
276  KERNEL32.GetCurrentDirectoryW                      TestLibFunction.obs
277  KERNEL32.GetDriveType                              TestLibFunction.obs
278  KERNEL32.GetFileAttributesW                        TestLibFunction.obs
279  KERNEL32.GetLocalTime                              TestLibFunction.obs
280  KERNEL32.GetLocaleInfo                             TestLibFunction.obs
281  KERNEL32.GetPrivateProfileString                   TestLibFunction.obs
282  KERNEL32.GetPrivateProfileStringW                  TestLibFunction.obs
283  KERNEL32.GetProcAddress                            TestLibFunction.obs
284  KERNEL32.GetProfileStringW                         TestLibFunction.obs
285  KERNEL32.GetSystemDefaultLCID                      TestLibFunction.obs
286  KERNEL32.GetSystemDefaultLangID                    TestLibFunction.obs
287  KERNEL32.GetSystemDefaultUILanguage                TestLibFunction.obs
288  KERNEL32.GetUserDefaultLangID                      TestLibFunction.obs
289  KERNEL32.GetVersion                                TestLibFunction.obs
290  KERNEL32.GetVersionEx                              TestLibFunction.obs
291  KERNEL32.GetVolumeInformation                      TestLibFunction.obs
292  KERNEL32.GetWindowsDirectory                       TestLibFunction.obs
293  KERNEL32.GetWindowsDirectoryW                      TestLibFunction.obs
294  KERNEL32.LoadLibraryW                              TestLibFunction.obs
295  KERNEL32.SetCurrentDirectoryW                      TestLibFunction.obs
296  KERNEL32.SetFileAttributesW                        TestLibFunction.obs
297  KERNEL32.WritePrivateProfileString                 TestLibFunction.obs
298  KERNEL32.lstrlenW                                  TestLibFunction.obs
299  Kernel32.GetModuleHandleW                          ISWI.obl(ComponentConv.obs)
300  LOWORD                                             isrt.obl(Misc.obs)
301  LaunchAppAndWaitInitStartupInfo                    isrt.obl(Extend.obs)
302  LaunchApplicationInit                              isrt.obl(Extend.obs)
303  ListAddItem                                        isrt.obl(scrlist.obs)
304  ListAddString                                      isrt.obl(scrlist.obs)
305  ListConvertStrToNum                                isrt.obl(scrlist.obs)
306  ListCount                                          isrt.obl(scrlist.obs)
307  ListCreate                                         isrt.obl(scrlist.obs)
308  ListCurrentString                                  isrt.obl(scrlist.obs)
309  ListDeleteItem                                     isrt.obl(scrlist.obs)
310  ListDeleteString                                   isrt.obl(scrlist.obs)
311  ListDestroy                                        isrt.obl(scrlist.obs)
312  ListFindItem                                       isrt.obl(scrlist.obs)
313  ListFindString                                     isrt.obl(scrlist.obs)
314  ListGetFirstItem                                   isrt.obl(scrlist.obs)
315  ListGetFirstString                                 isrt.obl(scrlist.obs)
316  ListGetLastString                                  ISWI.obl(CompHelperFuncs.obs)
317  ListGetNextItem                                    isrt.obl(scrlist.obs)
318  ListGetNextString                                  isrt.obl(scrlist.obs)
319  ListGetType                                        isrt.obl(scrlist.obs)
320  ListSetIndex                                       isrt.obl(scrlist.obs)
321  ListValid                                          isrt.obl(scrlist.obs)
322  ListValidType                                      isrt.obl(scrlist.obs)
323  LoadStringFromStringTable                          ISWI.obl(ISWiInit.obs)
324  LongPathToQuote                                    isrt.obl(Str.obs)
325  MAKELONG                                           isrt.obl(Misc.obs)
326  MIFCreateMIFFile                                   isrt.obl(MIF.obs)
327  MIFDeleteMIFFile                                   isrt.obl(MIF.obs)
328  MIFInitialize                                      isrt.obl(MIF.obs)
329  MIFSetInformation                                  isrt.obl(MIF.obs)
330  MIFUnInitialize                                    isrt.obl(MIF.obs)
331  MIFWasSetInformationCalled                         isrt.obl(MIF.obs)
332  MediaGetDataEx                                     ISWI.obl(FeatureConv.obs)
333  MessageBeep                                        isrt.obl(Misc.obs)
334  MessageBox                                         isrt.obl(ISRTScriptDialogsPriv.obs)
335  MessageBoxEx                                       isrt.obl(ISRTScriptDialogsPriv.obs)
336  Moved                                              ISWI.obl(FileTransferFuncsConv.obs)
337  Moving                                             ISWI.obl(FileTransferFuncsConv.obs)
338  MsiCloseHandle                                     ISWI.obl(MsiFuncsConv.obs)
339  MsiCreateRecord                                    ISWI.obl(MsiFuncsConv.obs)
340  MsiDatabaseOpenView                                ISWI.obl(MsiFuncsConv.obs)
341  MsiDoAction                                        ISWI.obl(MsiFuncsConv.obs)
342  MsiGetActiveDatabase                               ISWI.obl(MsiFuncsConv.obs)
343  MsiGetMode                                         ISWI.obl(MsiFuncsConv.obs)
344  MsiGetProperty                                     ISWI.obl(MsiFuncsConv.obs)
345  MsiGetPropertyIS                                   ISWI.obl(MsiFuncsConv.obs)
346  MsiGetSourcePath                                   ISWI.obl(MsiFuncsConv.obs)
347  MsiGetTargetPath                                   ISWI.obl(MsiFuncsConv.obs)
348  MsiInstallProduct                                  ISWI.obl(MsiFuncsConv.obs)
349  MsiProcessMessage                                  ISWI.obl(MsiFuncsConv.obs)
350  MsiQueryFeatureState                               ISWI.obl(MsiFuncsConv.obs)
351  MsiRecordGetInteger                                ISWI.obl(MsiFuncsConv.obs)
352  MsiRecordGetString                                 ISWI.obl(MsiFuncsConv.obs)
353  MsiRecordSetString                                 ISWI.obl(MsiFuncsConv.obs)
354  MsiSetProperty                                     ISWI.obl(MsiFuncsConv.obs)
355  MsiSetTargetPath                                   ISWI.obl(MsiFuncsConv.obs)
356  MsiViewExecute                                     ISWI.obl(MsiFuncsConv.obs)
357  MsiViewFetch                                       ISWI.obl(MsiFuncsConv.obs)
358  OnAbort                                            ISWI.obl(DriverConv.obs)
359  OnAction                                           ISWI.obl(ISWiInit.obs)
360  OnAdminInstallUIAfter                              ISWI.obl(DriverConv.obs)
361  OnAdminInstallUIBefore                             ISWI.obl(DriverConv.obs)
362  OnAdminPatchUIAfter                                ISWI.obl(DriverConv.obs)
363  OnAdminPatchUIBefore                               ISWI.obl(DriverConv.obs)
364  OnAdvertisementAfter                               ISWI.obl(DriverConv.obs)
365  OnAdvertisementBefore                              ISWI.obl(DriverConv.obs)
366  OnAppSearch                                        ISWI.obl(DriverConv.obs)
367  OnBegin                                            ISWI.obl(DriverConv.obs)
368  OnCCPSearch                                        ISWI.obl(DriverConv.obs)
369  OnCanceling                                        ISWI.obl(DriverConv.obs)
370  OnComponentError                                   ISWI.obl(DriverConv.obs)
371  OnDIFxLogCallback                                  isrt.obl(ISDIFx.obs)
372  OnDIFxLogCallbackImpl                              isrt.obl(ISDIFx.obs)
373  OnEnd                                              ISWI.obl(DriverConv.obs)
374  OnError                                            ISWI.obl(DriverConv.obs)
375  OnException                                        ISWI.obl(DriverConv.obs)
376  OnFeaturesInstalled                                ISWI.obl(FileTransferFuncsConv.obs)
377  OnFeaturesInstalling                               ISWI.obl(FileTransferFuncsConv.obs)
378  OnFileError                                        ISWI.obl(Exceptions.obs)
379  OnFileLocked                                       ISWI.obl(Exceptions.obs)
380  OnFileReadOnly                                     ISWI.obl(Exceptions.obs)
381  OnFilesInUse                                       ISWI.obl(DriverConv.obs)
382  OnFilterComponents                                 ISWI.obl(DriverConv.obs)
383  OnFirstUIAfter                                     ISWI.obl(DriverConv.obs)
384  OnFirstUIBefore                                    ISWI.obl(DriverConv.obs)
385  OnGeneratedMSIScript                               ISWI.obl(DriverConv.obs)
386  OnGeneratingMSIScript                              ISWI.obl(DriverConv.obs)
387  OnHelp                                             ISWI.obl(DriverConv.obs)
388  OnInstallFilesActionAfter                          ISWI.obl(DriverConv.obs)
389  OnInstallFilesActionBefore                         ISWI.obl(DriverConv.obs)
390  OnInternetError                                    ISWI.obl(Exceptions.obs)
391  OnLaunchAppAndWaitCallback                         ISWI.obl(DriverConv.obs)
392  OnLogonUserSetMsiProperties                        ISWI.obl(DriverConv.obs)
393  OnMD5Error                                         ISWI.obl(Exceptions.obs)
394  OnMaintUIAfter                                     ISWI.obl(DriverConv.obs)
395  OnMaintUIBefore                                    ISWI.obl(DriverConv.obs)
396  OnMaintenance                                      ISWI.obl(DriverConv.obs)
397  OnMoved                                            ISWI.obl(DriverConv.obs)
398  OnMoving                                           ISWI.obl(DriverConv.obs)
399  OnMsiSilentInstall                                 ISWI.obl(DriverConv.obs)
400  OnNetApiCreateUserAccountInternal                  isrt.obl(NetApiRT.obs)
401  OnNextDisk                                         ISWI.obl(Exceptions.obs)
402  OnOutOfDiskSpace                                   ISWI.obl(DriverConv.obs)
403  OnPatchUIAfter                                     ISWI.obl(DriverConv.obs)
404  OnPatchUIBefore                                    ISWI.obl(DriverConv.obs)
405  OnRMFilesInUse                                     ISWI.obl(DriverConv.obs)
406  OnRebooted                                         ISWI.obl(DriverConv.obs)
407  OnRemovingSharedFile                               ISWI.obl(Exceptions.obs)
408  OnResume                                           ISWI.obl(DriverConv.obs)
409  OnResumeUIAfter                                    ISWI.obl(DriverConv.obs)
410  OnResumeUIBefore                                   ISWI.obl(DriverConv.obs)
411  OnSQLLogin                                         ISWI.obl(DriverConv.obs)
412  OnSelfRegistrationError                            ISWI.obl(Exceptions.obs)
413  OnUnhandledException                               ISWI.obl(DriverConv.obs)
414  OnUninstall                                        ISWI.obl(DriverConv.obs)
415  OnUpdateService                                    ISWI.obl(DriverConv.obs)
416  OnWarning                                          ISWI.obl(DriverConv.obs)
417  OpenFile                                           isrt.obl(Files.obs)
418  OpenFileMode                                       isrt.obl(Files.obs)
419  ParsePath                                          isrt.obl(Str.obs)
420  PopulateColumnHeaders                              isrt.obl(ISRTScriptDialogs.obs)
421  PopulateListView                                   isrt.obl(ISRTScriptDialogs.obs)
422  PostShowComponentDlg                               ISWI.obl(ISWiInit.obs)
423  Postprogram                                        ISWI.obl(DriverConv.obs)
424  PreShowComponentDlg                                ISWI.obl(ISWiInit.obs)
425  Preprogram                                         ISWI.obl(DriverConv.obs)
426  ProgramEeuiPostInstall                             ISWI.obl(DriverConv.obs)
427  ProgramEeuiPreInstall                              ISWI.obl(DriverConv.obs)
428  PthFixPath                                         isrt.obl(Pth.obs)
429  PthIsAbsPath                                       isrt.obl(Pth.obs)
430  RebootNeeded                                       ISWI.obl(FileTransferFuncsConv.obs)
431  RedirectMsiCloseHandle                             ISWI.obl(RedirectedMsiFuncsConv.obs)
432  RedirectMsiCreateRecord                            ISWI.obl(RedirectedMsiFuncsConv.obs)
433  RedirectMsiGetActiveDatabase                       ISWI.obl(RedirectedMsiFuncsConv.obs)
434  RedirectMsiGetMode                                 ISWI.obl(RedirectedMsiFuncsConv.obs)
435  RedirectMsiProcessMessage                          ISWI.obl(RedirectedMsiFuncsConv.obs)
436  RedirectMsiRecordGetInteger                        ISWI.obl(RedirectedMsiFuncsConv.obs)
437  RedirectMsiViewExecute                             ISWI.obl(RedirectedMsiFuncsConv.obs)
438  RedirectMsiViewFetch                               ISWI.obl(RedirectedMsiFuncsConv.obs)
439  RegDBGetItem                                       isrt.obl(Registry.obs)
440  RegDBGetKeyValueEx                                 isrt.obl(Registry.obs)
441  RegDBQueryValue                                    isrt.obl(Registry.obs)
442  RegDBQueryValue32                                  isrt.obl(Registry.obs)
443  ReleaseDialog                                      isrt.obl(CustomDialog.obs)
444  RemoveSpaces                                       ISWI.obl(HelperFuncs.obs)
445  ResolveShellObjectsFolder                          ISWI.obl(CompHelperFuncs.obs)
446  SdAskDestPath                                      isrt.obl(ISRTScriptDialogs.obs)
447  SdCloseDlg                                         isrt.obl(SDINT.obs)
448  SdComponentDlgCheckSpace                           isrt.obl(SDINT.obs)
449  SdDiskSpace2                                       isrt.obl(ISRTScriptDialogs.obs)
450  SdDlgToTop                                         isrt.obl(SDINT.obs)
451  SdDoStdButton                                      isrt.obl(SDINT.obs)
452  SdEnablement                                       isrt.obl(SDINT.obs)
453  SdError                                            isrt.obl(SDINT.obs)
454  SdFeatureTree                                      isrt.obl(ISRTScriptDialogs.obs)
455  SdFilesInUse                                       isrt.obl(ISRTScriptDialogs.obs)
456  SdFinish                                           isrt.obl(ISRTScriptDialogs.obs)
457  SdFinishReboot                                     isrt.obl(ISRTScriptDialogs.obs)
458  SdGeneralInit                                      isrt.obl(SDINT.obs)
459  SdInit                                             isrt.obl(SDINT.obs)
460  SdIsStdButton                                      isrt.obl(SDINT.obs)
461  SdLoadString                                       isrt.obl(SDINT.obs)
462  SdMakeName                                         isrt.obl(SDINT.obs)
463  SdPatchWelcome                                     isrt.obl(ISRTScriptDialogs.obs)
464  SdPlugInProductName                                isrt.obl(SDINT.obs)
465  SdRMFilesInUse                                     isrt.obl(ISRTScriptDialogs.obs)
466  SdRegisterUser                                     isrt.obl(ISRTScriptDialogs.obs)
467  SdSetDlgTitle                                      isrt.obl(SDINT.obs)
468  SdSetStatic                                        isrt.obl(SDINT.obs)
469  SdSetupCompleteError                               isrt.obl(ISRTScriptDialogs.obs)
470  SdShowMsg                                          isrt.obl(ISRTScriptDialogsPriv.obs)
471  SdStartCopy2                                       isrt.obl(ISRTScriptDialogs.obs)
472  SdSubstituteProductInfo                            isrt.obl(SDINT.obs)
473  SdUnInit                                           isrt.obl(SDINT.obs)
474  SdWelcome                                          isrt.obl(ISRTScriptDialogs.obs)
475  SdWelcomeMaint                                     isrt.obl(ISRTScriptDialogs.obs)
476  SelectDir                                          isrt.obl(ISRTScriptDialogsPriv.obs)
477  SelectDirNoLog                                     isrt.obl(ISRTScriptDialogsPriv.obs)
478  SendMessage                                        isrt.obl(Misc.obs)
479  ServiceInitParams                                  isrt.obl(Service.obs)
480  SetCmdLine                                         isrt.obl(SysVars.obs)
481  SetDisplayEffect                                   isrt.obl(ui.obs)
482  SetExtendedErrInfo                                 isrt.obl(IsUtil.obs)
483  SetGlobalVars                                      ISWI.obl(ISWiInit.obs)
484  SetInstallationInfo                                isrt.obl(Registry.obs)
485  SetMifInformationOnly                              isrt.obl(Registry.obs)
486  SetStatusExStaticText                              isrt.obl(ui.obs)
487  SetStatusWindow                                    isrt.obl(ui.obs)
488  SetTitle                                           isrt.obl(ui.obs)
489  SetupTraceWrite                                    isrt.obl(Misc.obs)
490  SetupType2                                         isrt.obl(ISRTScriptDialogs.obs)
491  SilentDoGeneralInfo                                isrt.obl(Silent.obs)
492  SilentFailed                                       isrt.obl(Silent.obs)
493  SilentFinish                                       isrt.obl(Silent.obs)
494  SilentInit                                         isrt.obl(Silent.obs)
495  SilentReadData                                     isrt.obl(Silent.obs)
496  SilentSetInfo                                      isrt.obl(Silent.obs)
497  SilentSetMode                                      isrt.obl(Silent.obs)
498  SilentWriteData                                    isrt.obl(Silent.obs)
499  Sprintf                                            isrt.obl(Str.obs)
500  SprintfBox                                         isrt.obl(ISRTScriptDialogsPriv.obs)
501  SprintfMsiLog                                      ISWI.obl(HelperFuncs.obs)
502  StrAddLastSlash                                    isrt.obl(Str.obs)
503  StrConvertSizeUnit                                 isrt.obl(Str.obs)
504  StrDelete                                          ISWI.obl(HelperFuncs.obs)
505  StrFindEx                                          isrt.obl(Str.obs)
506  StrGetTokens                                       isrt.obl(Str.obs)
507  StrLength                                          isrt.obl(Str.obs)
508  StrParseMSIMessage                                 isrt.obl(Str.obs)
509  StrRemoveLastSlash                                 isrt.obl(Str.obs)
510  StrReplace                                         isrt.obl(Str.obs)
511  StrToNumHex                                        isrt.obl(Str.obs)
512  StrToUpper                                         isrt.obl(Str.obs)
513  StrTrim                                            isrt.obl(Str.obs)
514  SuiteLogInfo                                       isrt.obl(SuiteWrappers.obs)
515  SuiteReportError                                   isrt.obl(SuiteWrappers.obs)
516  SysVarsInit                                        isrt.obl(SysVars.obs)
517  SysVarsInitConv                                    ISWI.obl(SysVarsConv.obs)
518  SysVarsTrace                                       isrt.obl(SysVars.obs)
519  SysVarsUnInit                                      ISWI.obl(SysVarsConv.obs)
520  System                                             isrt.obl(Misc.obs)
521  SystemRestoreCancelRestorePointIS                  isrt.obl(PCRestore.obs)
522  SystemRestoreCloseRestorePointIS                   isrt.obl(PCRestore.obs)
523  SystemRestoreDisableIS                             isrt.obl(PCRestore.obs)
524  SystemRestoreIsEnabledIS                           isrt.obl(PCRestore.obs)
525  SystemRestoreOpenRestorePointIS                    isrt.obl(PCRestore.obs)
526  TextSubGetValue                                    isrt.obl(TextSub.obs)
527  TextSubParseTextSub                                isrt.obl(TextSub.obs)
528  TextSubSetValue                                    isrt.obl(TextSub.obs)
529  TreeViewCreate                                     isrt.obl(CmptView.obs)
530  USER.EnableWindow                                  TestLibFunction.obs
531  USER.GetClassName                                  TestLibFunction.obs
532  USER.GetDC                                         TestLibFunction.obs
533  USER.GetDlgItem                                    TestLibFunction.obs
534  USER.GetFocus                                      TestLibFunction.obs
535  USER.GetWindowLong                                 TestLibFunction.obs
536  USER.GetWindowRect                                 TestLibFunction.obs
537  USER.IsIconic                                      TestLibFunction.obs
538  USER.IsWindow                                      TestLibFunction.obs
539  USER.ReleaseDC                                     TestLibFunction.obs
540  USER.SendMessageW                                  TestLibFunction.obs
541  USER.SetFocus                                      TestLibFunction.obs
542  USER.SetWindowPos                                  TestLibFunction.obs
543  USER.SetWindowText                                 TestLibFunction.obs
544  USER.ShowWindow                                    TestLibFunction.obs
545  USER32.CharUpperBuffW                              TestLibFunction.obs
546  USER32.DestroyWindow                               TestLibFunction.obs
547  USER32.GetDesktopWindow                            TestLibFunction.obs
548  USER32.GetSystemMetrics                            TestLibFunction.obs
549  USER32.GetWindowText                               TestLibFunction.obs
550  USER32.GetWindowTextLength                         TestLibFunction.obs
551  USER32.IsWindowVisible                             TestLibFunction.obs
552  USER32.MessageBoxW                                 TestLibFunction.obs
553  USER32.SendMessageW                                TestLibFunction.obs
554  USER32.SetForegroundWindow                         TestLibFunction.obs
555  USER32.SetWindowLong                               TestLibFunction.obs
556  USER32.SetWindowRgn                                TestLibFunction.obs
557  UpdateDirectoryPathForIsMsiEeui                    ISWI.obl(HelperFuncs.obs)
558  UpdateServiceEnableUpdateService                   isrt.obl(ISUpdateService.obs)
559  User32.LoadStringW                                 ISWI.obl(ComponentConv.obs)
560  VarInit                                            isrt.obl(SysVars.obs)
561  VarRestore                                         ISWI.obl(SysVarsConv.obs)
562  VarRestoreISRT                                     isrt.obl(SysVars.obs)
563  VarSave                                            ISWI.obl(SysVarsConv.obs)
564  VarSaveISRT                                        isrt.obl(SysVars.obs)
565  VerCompare                                         isrt.obl(version.obs)
566  VerProductGetInstalledVersion                      isrt.obl(version.obs)
567  VerProductNumToStr                                 isrt.obl(version.obs)
568  VerProductVerPartsFromVer                          isrt.obl(version.obs)
569  WaitOnDialog                                       isrt.obl(CustomDialog.obs)
570  WriteLine                                          isrt.obl(Files.obs)
571  __AddStringToArray                                 ISWI.obl(HelperFuncs.obs)
572  __Begin                                            ISWI.obl(DriverConv.obs)
573  __ComponentListItemsEx                             ISWI.obl(CompHelperFuncs.obs)
574  __ComponentListItemsExInstall                      ISWI.obl(CompHelperFuncs.obs)
575  __ComponentListItemsExUnInstall                    ISWI.obl(CompHelperFuncs.obs)
576  __ComponentMoveXferData                            ISWI.obl(CompHelperFuncs.obs)
577  __End                                              ISWI.obl(DriverConv.obs)
578  __GetFinishMode                                    ISWI.obl(ISWiInit.obs)
579  __GetMsiHandle                                     ISWI.obl(SysVarsConv.obs)
580  __GetSourceDir                                     ISWI.obl(SysVarsConv.obs)
581  __HandleError                                      ISWI.obl(ErrHandler.obs)
582  __ISRTDoExit                                       isrt.obl(Misc.obs)
583  __ISRTInit                                         isrt.obl(ISRTInit.obs)
584  __ISRTRestoreMainLog                               isrt.obl(ISRTInit.obs)
585  __ISRTRestoreMainLogEx                             isrt.obl(ISRTInit.obs)
586  __ISRTSetComponentLog                              isrt.obl(ISRTInit.obs)
587  __ISRTUnInit                                       isrt.obl(ISRTInit.obs)
588  __ISWIInit                                         ISWI.obl(ISWiInit.obs)
589  __ISWIMsiHandle                                    ISWI.obl(ISWiInit.obs)
590  __ISWIUnInit                                       ISWI.obl(ISWiInit.obs)
591  __IsArrayEmpty                                     ISWI.obl(HelperFuncs.obs)
592  __LoadIScriptString                                isrt.obl(LoadStr.obs)
593  __Moved                                            ISWI.obl(FileTransferFuncsConv.obs)
594  __Moving                                           ISWI.obl(FileTransferFuncsConv.obs)
595  __MsiOpenView                                      ISWI.obl(CompHelperFuncs.obs)
596  __MsiQueryFeatureState                             ISWI.obl(MsiWrappersConv.obs)
597  __MsiRecordGetString                               ISWI.obl(MsiWrappersConv.obs)
598  __OnAbort                                          ISWI.obl(DriverConv.obs)
599  __OnAdminPatch                                     ISWI.obl(DriverConv.obs)
600  __OnAdministrativeInstall                          ISWI.obl(DriverConv.obs)
601  __OnAdvertisement                                  ISWI.obl(DriverConv.obs)
602  __OnBegin                                          ISWI.obl(DriverConv.obs)
603  __OnCanceling                                      ISWI.obl(DriverConv.obs)
604  __OnEnd                                            ISWI.obl(DriverConv.obs)
605  __OnError                                          ISWI.obl(DriverConv.obs)
606  __OnMsiMaintenance                                 ISWI.obl(DriverConv.obs)
607  __OnMsiRebooted                                    ISWI.obl(DriverConv.obs)
608  __OnMsiSilentInstall                               ISWI.obl(DriverConv.obs)
609  __OnMsiUninstall                                   ISWI.obl(DriverConv.obs)
610  __OnPatch                                          ISWI.obl(DriverConv.obs)
611  __OnResume                                         ISWI.obl(DriverConv.obs)
612  __OnWarning                                        ISWI.obl(DriverConv.obs)
613  __ResetMsiObject                                   ISWI.obl(ISWiInit.obs)
614  __SetMaintenance                                   ISWI.obl(ISWiInit.obs)
615  __SetMsiHandle                                     ISWI.obl(SysVarsConv.obs)
616  __SetMsiServer                                     ISWI.obl(ISWiInit.obs)
617  __SetPatch                                         ISWI.obl(SysVarsConv.obs)
618  __SetSourceDir                                     ISWI.obl(SysVarsConv.obs)
619  isrt._ComponentGetData                             ISWI.obl(ComponentConv.obs)
620  isrt._ComponentIsItemSelected                      ISWI.obl(ComponentConv.obs)
621  isrt._ComponentListItems                           ISWI.obl(ComponentConv.obs)
622  isrt._ComponentReinstall                           ISWI.obl(ComponentConv.obs)
623  isrt._ComponentRemoveAll                           ISWI.obl(ComponentConv.obs)
624  isrt._ComponentSelectItem                          ISWI.obl(ComponentConv.obs)
625  isrt._ComponentSetupTypeSet                        ISWI.obl(ComponentConv.obs)
626  isrt._EnableDialogCache                            ISWI.obl(ISWiInit.obs)
627  msi.MsiCloseHandle                                 ISWI.obl(RedirectedMsiFuncsConv.obs)
628  msi.MsiCreateRecord                                ISWI.obl(RedirectedMsiFuncsConv.obs)
629  msi.MsiDatabaseOpenViewW                           ISWI.obl(CompHelperFuncs.obs)
630  msi.MsiDoActionW                                   ISWI.obl(CompHelperFuncs.obs)
631  msi.MsiGetActiveDatabase                           ISWI.obl(RedirectedMsiFuncsConv.obs)
632  msi.MsiGetMode                                     ISWI.obl(RedirectedMsiFuncsConv.obs)
633  msi.MsiGetProductInfoW                             ISWI.obl(CompHelperFuncs.obs)
634  msi.MsiGetPropertyW                                ISWI.obl(CompHelperFuncs.obs)
635  msi.MsiGetSourcePathW                              ISWI.obl(CompHelperFuncs.obs)
636  msi.MsiGetTargetPathW                              ISWI.obl(CompHelperFuncs.obs)
637  msi.MsiProcessMessage                              ISWI.obl(RedirectedMsiFuncsConv.obs)
638  msi.MsiQueryFeatureStateW                          ISWI.obl(CompHelperFuncs.obs)
639  msi.MsiRecordGetInteger                            ISWI.obl(RedirectedMsiFuncsConv.obs)
640  msi.MsiRecordGetStringW                            ISWI.obl(CompHelperFuncs.obs)
641  msi.MsiRecordSetStringW                            ISWI.obl(CompHelperFuncs.obs)
642  msi.MsiSetPropertyW                                ISWI.obl(CompHelperFuncs.obs)
643  msi.MsiSetTargetPathW                              ISWI.obl(CompHelperFuncs.obs)
644  msi.MsiViewExecute                                 ISWI.obl(RedirectedMsiFuncsConv.obs)
645  msi.MsiViewFetch                                   ISWI.obl(RedirectedMsiFuncsConv.obs)
646  program                                            ISWI.obl(DriverConv.obs)
647  sfc.SRSetRestorePointW                             TestLibFunction.obs


***** External Variables *****
1    ADDREMOVE                                          ISWI.obl(SysVarsConv.obs)
2    ADDREMOVE_COMBINEDBUTTON                           TestLibFunction.obs
3    ADDREMOVE_HIDECHANGEOPTION                         TestLibFunction.obs
4    ADDREMOVE_HIDEREMOVEOPTION                         TestLibFunction.obs
5    ADDREMOVE_HIDEREPAIROPTION                         TestLibFunction.obs
6    ADDREMOVE_STRING_REMOVEONLY                        TestLibFunction.obs
7    ADDREMOVE_SYSTEMCOMPONENT                          TestLibFunction.obs
8    ADMINUSER                                          TestLibFunction.obs
9    ALLUSERS                                           TestLibFunction.obs
10   AdminToolsFolder                                   ISWI.obl(DebugSymbolsConv.obs)
11   AppDataFolder                                      ISWI.obl(DebugSymbolsConv.obs)
12   BASICMSI                                           ISWI.obl(SysVarsConv.obs)
13   BATCH_INSTALL                                      TestLibFunction.obs
14   CMDLINE                                            ISWI.obl(SysVarsConv.obs)
15   COMMONFILES                                        ISWI.obl(SysVarsConv.obs)
16   COMMONFILES64                                      ISWI.obl(SysVarsConv.obs)
17   CommonAppDataFolder                                ISWI.obl(DebugSymbolsConv.obs)
18   CommonFiles64Folder                                ISWI.obl(DebugSymbolsConv.obs)
19   CommonFilesFolder                                  ISWI.obl(DebugSymbolsConv.obs)
20   DISABLE_ALLUSERBTN                                 TestLibFunction.obs
21   DISABLE_PERUSERBTN                                 TestLibFunction.obs
22   DISK1SETUPEXENAME                                  ISWI.obl(SysVarsConv.obs)
23   DISK1TARGET                                        TestLibFunction.obs
24   DesktopFolder                                      ISWI.obl(DebugSymbolsConv.obs)
25   ENABLED_ISERVICES                                  ISWI.obl(SysVarsConv.obs)
26   ENGINECOMMONDIR                                    ISWI.obl(SysVarsConv.obs)
27   ENGINEDIR                                          ISWI.obl(SysVarsConv.obs)
28   ERRORFILENAME                                      TestLibFunction.obs
29   ERRORINFO                                          ISWI.obl(ComponentConv.obs)
30   Err                                                TestLibFunction.obs
31   FEATURE                                            ISWI.obl(ComponentConv.obs)
32   FILEERROR                                          ISWI.obl(ComponentConv.obs)
33   FILETIME                                           TestLibFunction.obs
34   FIND_DATAW                                         TestLibFunction.obs
35   FOLDER_APPDATA                                     ISWI.obl(SysVarsConv.obs)
36   FOLDER_COMMON_APPDATA                              ISWI.obl(SysVarsConv.obs)
37   FOLDER_DESKTOP                                     ISWI.obl(SysVarsConv.obs)
38   FOLDER_DOTNET_10                                   ISWI.obl(SysVarsConv.obs)
39   FOLDER_DOTNET_11                                   ISWI.obl(SysVarsConv.obs)
40   FOLDER_DOTNET_20                                   ISWI.obl(SysVarsConv.obs)
41   FOLDER_DOTNET_30                                   ISWI.obl(SysVarsConv.obs)
42   FOLDER_DOTNET_35                                   ISWI.obl(SysVarsConv.obs)
43   FOLDER_DOTNET_40                                   ISWI.obl(SysVarsConv.obs)
44   FOLDER_FONTS                                       ISWI.obl(SysVarsConv.obs)
45   FOLDER_LOCAL_APPDATA                               ISWI.obl(SysVarsConv.obs)
46   FOLDER_PERSONAL                                    ISWI.obl(SysVarsConv.obs)
47   FOLDER_PROGRAMS                                    ISWI.obl(SysVarsConv.obs)
48   FOLDER_STARTMENU                                   ISWI.obl(SysVarsConv.obs)
49   FOLDER_STARTUP                                     ISWI.obl(SysVarsConv.obs)
50   FOLDER_TEMP                                        ISWI.obl(SysVarsConv.obs)
51   FavoritesFolder                                    ISWI.obl(DebugSymbolsConv.obs)
52   FileRegistrar                                      TestLibFunction.obs
53   FontsFolder                                        ISWI.obl(DebugSymbolsConv.obs)
54   HIDE_DISABLED_BTNS                                 TestLibFunction.obs
55   HKEYCURRENTROOTKEY                                 TestLibFunction.obs
56   IFX_COMPANY_NAME                                   TestLibFunction.obs
57   IFX_INSTALLED_DISPLAY_VERSION                      TestLibFunction.obs
58   IFX_INSTALLED_VERSION                              TestLibFunction.obs
59   IFX_KEYPATH_PRODUCT_INFO                           TestLibFunction.obs
60   IFX_MULTI_INSTANCE_SUFFIX                          TestLibFunction.obs
61   IFX_NETAPI_GROUP                                   TestLibFunction.obs
62   IFX_NETAPI_PASSWORD                                TestLibFunction.obs
63   IFX_NETAPI_USER_ACCOUNT                            TestLibFunction.obs
64   IFX_OPEN_RESTORE_POINT                             isrt.obl(PCRestore.obs)
65   IFX_PRODUCT_COMMENTS                               TestLibFunction.obs
66   IFX_PRODUCT_DISPLAY_NAME                           TestLibFunction.obs
67   IFX_PRODUCT_DISPLAY_VERSION                        TestLibFunction.obs
68   IFX_PRODUCT_ICON                                   TestLibFunction.obs
69   IFX_PRODUCT_KEY                                    TestLibFunction.obs
70   IFX_PRODUCT_NAME                                   TestLibFunction.obs
71   IFX_PRODUCT_README                                 TestLibFunction.obs
72   IFX_PRODUCT_REGISTEREDCOMPANY                      TestLibFunction.obs
73   IFX_PRODUCT_REGISTEREDOWNER                        TestLibFunction.obs
74   IFX_PRODUCT_REGISTEREDSERIALNUM                    TestLibFunction.obs
75   IFX_PRODUCT_SUPPORT_CONTACT                        TestLibFunction.obs
76   IFX_PRODUCT_SUPPORT_PHONE                          TestLibFunction.obs
77   IFX_PRODUCT_SUPPORT_URL                            TestLibFunction.obs
78   IFX_PRODUCT_UPDATE_URL                             TestLibFunction.obs
79   IFX_PRODUCT_URL                                    TestLibFunction.obs
80   IFX_PRODUCT_VERSION                                TestLibFunction.obs
81   IFX_RESTORE_DISABLED                               isrt.obl(PCRestore.obs)
82   IFX_SETUP_TITLE                                    TestLibFunction.obs
83   IFX_SUPPORTED_VERSIONS                             TestLibFunction.obs
84   IISROOTFOLDER                                      ISWI.obl(SysVarsConv.obs)
85   INSTALLDIR                                         ISWI.obl(CompHelperFuncs.obs)
86   INSTALLSCRIPTMSI                                   ISWI.obl(SysVarsConv.obs)
87   INSTALLSCRIPTMSIEEUI                               ISWI.obl(SysVarsConv.obs)
88   INSTANCE_GUID                                      ISWI.obl(SysVarsConv.obs)
89   ISDIFXAPPID                                        TestLibFunction.obs
90   ISMSI_HANDLE                                       ISWI.obl(DebugSymbolsConv.obs)
91   ISRES                                              ISWI.obl(SysVarsConv.obs)
92   ISUSER                                             ISWI.obl(SysVarsConv.obs)
93   ISUTIL_FUNCTION_ACTUAL_ERROR                       TestLibFunction.obs
94   ISUTIL_FUNCTION_ERROR                              ISWI.obl(CompHelperFuncs.obs)
95   ISUTIL_LINE_NUMBER                                 TestLibFunction.obs
96   ISUTIL_POSITIVE_ERROR                              ISWI.obl(CompHelperFuncs.obs)
97   ISUTIL_SCRIPT_FILE                                 TestLibFunction.obs
98   ISVERSION                                          ISWI.obl(SysVarsConv.obs)
99   IS_NULLSTR_PTR                                     TestLibFunction.obs
100  LAAW_PARAMETERS                                    TestLibFunction.obs
101  LAAW_SHELLEXECUTEINFO                              TestLibFunction.obs
102  LAAW_SHELLEXECUTEVERB                              TestLibFunction.obs
103  LAAW_STARTUPINFO                                   TestLibFunction.obs
104  LAST_RESULT                                        TestLibFunction.obs
105  LVITEMW                                            TestLibFunction.obs
106  LV_COLUMNW                                         TestLibFunction.obs
107  LocalAppDataFolder                                 ISWI.obl(DebugSymbolsConv.obs)
108  LogDB                                              TestLibFunction.obs
109  MAINTENANCE                                        ISWI.obl(SysVarsConv.obs)
110  MAINT_OPTION                                       ISWI.obl(SysVarsConv.obs)
111  MEDIA                                              TestLibFunction.obs
112  MEDIA_INFO                                         ISWI.obl(FeatureConv.obs)
113  MODE                                               TestLibFunction.obs
114  MULTI_INSTANCE_COUNT                               ISWI.obl(SysVarsConv.obs)
115  MainWindow                                         TestLibFunction.obs
116  MyPicturesFolder                                   ISWI.obl(DebugSymbolsConv.obs)
117  NOTHING                                            TestLibFunction.obs
118  NetHoodFolder                                      ISWI.obl(DebugSymbolsConv.obs)
119  OSINFO_PLATFORM_INFO                               TestLibFunction.obs
120  OSINFO_PROCESSOR_INFO                              TestLibFunction.obs
121  OSVERSIONINFOEXW                                   TestLibFunction.obs
122  OSVERSIONINFOW                                     TestLibFunction.obs
123  Objects                                            TestLibFunction.obs
124  OriginalDatabase                                   ISWI.obl(DebugSymbolsConv.obs)
125  PACKAGE_LOCATION                                   ISWI.obl(SysVarsConv.obs)
126  PATCH                                              ISWI.obl(DebugSymbolsConv.obs)
127  PRIVILEGED                                         TestLibFunction.obs
128  PRODUCT_GUID                                       ISWI.obl(SysVarsConv.obs)
129  PROGRAMFILES                                       ISWI.obl(SysVarsConv.obs)
130  PROGRAMFILES64                                     ISWI.obl(SysVarsConv.obs)
131  PersonalFolder                                     ISWI.obl(DebugSymbolsConv.obs)
132  PrintHoodFolder                                    ISWI.obl(DebugSymbolsConv.obs)
133  ProgramFiles64Folder                               ISWI.obl(DebugSymbolsConv.obs)
134  ProgramFilesFolder                                 ISWI.obl(DebugSymbolsConv.obs)
135  ProgramMenuFolder                                  ISWI.obl(DebugSymbolsConv.obs)
136  RECT                                               TestLibFunction.obs
137  REGDB_OPTIONS                                      TestLibFunction.obs
138  REINSTALLMODE                                      ISWI.obl(SysVarsConv.obs)
139  REMOVEALLMODE                                      ISWI.obl(SysVarsConv.obs)
140  REMOVEONLY                                         ISWI.obl(SysVarsConv.obs)
141  RUN_ONCE_PROGRAM                                   ISWI.obl(SysVarsConv.obs)
142  Reboot                                             TestLibFunction.obs
143  RecentFolder                                       ISWI.obl(DebugSymbolsConv.obs)
144  SELECTED_LANGUAGE                                  ISWI.obl(SysVarsConv.obs)
145  SERVICE_IS_PARAMS                                  TestLibFunction.obs
146  SETUPTYPE_STR_COMPACT                              TestLibFunction.obs
147  SETUPTYPE_STR_COMPLETE                             TestLibFunction.obs
148  SETUPTYPE_STR_CUSTOM                               TestLibFunction.obs
149  SETUPTYPE_STR_TYPICAL                              TestLibFunction.obs
150  SHAREDSUPPORTDIR                                   ISWI.obl(SysVarsConv.obs)
151  SHELLEXECUTEINFOW                                  TestLibFunction.obs
152  SHELL_OBJECT_FOLDER                                TestLibFunction.obs
153  SHOW_PASSWORD_DIALOG                               ISWI.obl(SysVarsConv.obs)
154  SRCDIR                                             TestLibFunction.obs
155  SRCDISK                                            ISWI.obl(SysVarsConv.obs)
156  STANDARD_SELECTED_LANGUAGE                         ISWI.obl(SysVarsConv.obs)
157  STARTUPINFOW                                       TestLibFunction.obs
158  SUITE_HOSTED                                       ISWI.obl(SysVarsConv.obs)
159  SUPPORTDIR                                         ISWI.obl(SysVarsConv.obs)
160  SYSINFO                                            TestLibFunction.obs
161  SYSPROCESSORINFO                                   TestLibFunction.obs
162  SYSTEMTIME                                         TestLibFunction.obs
163  SendToFolder                                       ISWI.obl(DebugSymbolsConv.obs)
164  SetupInfo                                          TestLibFunction.obs
165  SourceDir                                          ISWI.obl(DebugSymbolsConv.obs)
166  StartMenuFolder                                    ISWI.obl(DebugSymbolsConv.obs)
167  StartupFolder                                      ISWI.obl(DebugSymbolsConv.obs)
168  StatusDlg                                          TestLibFunction.obs
169  SuiteHost                                          TestLibFunction.obs
170  System16Folder                                     ISWI.obl(DebugSymbolsConv.obs)
171  System64Folder                                     ISWI.obl(DebugSymbolsConv.obs)
172  SystemFolder                                       ISWI.obl(DebugSymbolsConv.obs)
173  TARGETDIR                                          TestLibFunction.obs
174  TARGETDISK                                         ISWI.obl(SysVarsConv.obs)
175  TempFolder                                         ISWI.obl(DebugSymbolsConv.obs)
176  TemplateFolder                                     ISWI.obl(DebugSymbolsConv.obs)
177  TextSub                                            TestLibFunction.obs
178  UNINST                                             TestLibFunction.obs
179  UNINSTALLKEY                                       TestLibFunction.obs
180  UNINSTALL_DISPLAYNAME                              TestLibFunction.obs
181  UNINSTALL_STRING                                   TestLibFunction.obs
182  UPDATEMODE                                         TestLibFunction.obs
183  WINDIR                                             ISWI.obl(SysVarsConv.obs)
184  WINDISK                                            ISWI.obl(SysVarsConv.obs)
185  WINSYSDIR                                          ISWI.obl(SysVarsConv.obs)
186  WINSYSDIR64                                        ISWI.obl(SysVarsConv.obs)
187  WINSYSDISK                                         ISWI.obl(SysVarsConv.obs)
188  WindowsFolder                                      ISWI.obl(DebugSymbolsConv.obs)
189  WindowsVolume                                      ISWI.obl(DebugSymbolsConv.obs)
190  _INT64                                             TestLibFunction.obs
191  _LAAW_PARAMETERS                                   TestLibFunction.obs
192  _RESTOREPOINTINFO                                  TestLibFunction.obs
193  _SERVICE_IS_PARAMS                                 TestLibFunction.obs
194  _STATEMGRSTATUS                                    TestLibFunction.obs
195  _WIN9X                                             TestLibFunction.obs
196  _WINNT                                             TestLibFunction.obs
197  __gbAliasingOff                                    ISWI.obl(CompHelperFuncs.obs)
198  __gbCheckForUpdate                                 ISWI.obl(CompHelperFuncs.obs)
199  __gbGetTarget                                      ISWI.obl(CompHelperFuncs.obs)
200  __gbInitialized                                    ISWI.obl(CompHelperFuncs.obs)
201  __gbInstallInfo                                    ISWI.obl(CompHelperFuncs.obs)
202  __gbMaintenance                                    ISWI.obl(CompHelperFuncs.obs)
203  __gbReopening                                      ISWI.obl(CompHelperFuncs.obs)
204  __ghActiveDataBase                                 ISWI.obl(CompHelperFuncs.obs)
205  __ghErrFileHandle                                  ISWI.obl(CompHelperFuncs.obs)
206  __ghMsiInstall                                     ISWI.obl(CompHelperFuncs.obs)
207  __gnButtonSelected                                 ISWI.obl(CompHelperFuncs.obs)
208  __gnLastError                                      ISWI.obl(CompHelperFuncs.obs)
209  __gnMsiReturn                                      ISWI.obl(CompHelperFuncs.obs)
210  __gnOSMask                                         ISWI.obl(CompHelperFuncs.obs)
211  __gnScriptMode                                     ISWI.obl(CompHelperFuncs.obs)
212  __goISDriver                                       ISWI.obl(CompHelperFuncs.obs)
213  __goMsiServer                                      ISWI.obl(CompHelperFuncs.obs)
214  __gsINSTALLDIR                                     ISWI.obl(CompHelperFuncs.obs)
215  __gsProductGuid                                    ISWI.obl(CompHelperFuncs.obs)
216  __gsSourceDir                                      ISWI.obl(CompHelperFuncs.obs)
217  __hContext                                         ISWI.obl(CompHelperFuncs.obs)
218  __objGlobalTextSub                                 TestLibFunction.obs
219  __objStringTable                                   ISWI.obl(ISWiInit.obs)
220  __szGUID                                           TestLibFunction.obs
221  bBackButton                                        TestLibFunction.obs
222  bCancelButton                                      TestLibFunction.obs
223  bEnterDiskBeep                                     TestLibFunction.obs
224  bFinishButton                                      TestLibFunction.obs
225  bInstall16                                         TestLibFunction.obs
226  bNextButton                                        TestLibFunction.obs
227  bSdInit                                            TestLibFunction.obs
228  bViewCmptKunits                                    TestLibFunction.obs
229  bViewCmptUseDecimal                                TestLibFunction.obs
230  g_bSuppressMissingStringWarning                    ISWI.obl(DriverConv.obs)
231  g_nDlgAskPath                                      ISWI.obl(CompHelperFuncs.obs)
232  nDlgMessageBox                                     ISWI.obl(CompHelperFuncs.obs)
233  nDlgSelectDir                                      ISWI.obl(CompHelperFuncs.obs)
234  nDlgSetupType2                                     ISWI.obl(CompHelperFuncs.obs)
235  nDlgSprintfBox                                     ISWI.obl(CompHelperFuncs.obs)
236  nSdAskDestPath                                     TestLibFunction.obs
237  nSdComponentTree                                   TestLibFunction.obs
238  nSdDiskSpaceRequirements                           TestLibFunction.obs
239  nSdFinish                                          TestLibFunction.obs
240  nSdFinishReboot                                    TestLibFunction.obs
241  nSdOutOfDiskSpace                                  TestLibFunction.obs
242  nSdPatchWelcome                                    TestLibFunction.obs
243  nSdRegisterUser                                    TestLibFunction.obs
244  nSdStartCopy2                                      TestLibFunction.obs
245  nSdWelcome                                         TestLibFunction.obs
246  nSdWelcomeMaint                                    TestLibFunction.obs
247  szAppKey                                           TestLibFunction.obs
248  szSdProduct                                        TestLibFunction.obs
249  szSdStr_NotEnoughSpace                             TestLibFunction.obs
